Waiting for server...
Server is ready!
Starting test for user: user_rl_test

--- Phase 1: Storing Memories ---
Stored: I am learning about quantum physics. | Status: 200
Stored: The sky is blue today. | Status: 200
Stored: Remind me to buy milk. | Status: 200

--- Phase 2: Triggering Reinforcement ---
Retrieval 1 for 'quantum physics learning' | Status: 200
Retrieval 2 for 'quantum physics learning' | Status: 200
Retrieval 3 for 'quantum physics learning' | Status: 200

Current Reinforcement Scores:
- IMPORTANT: I am learning about... | Score: 1.30 | Count: 3
- The sky is blue today.... | Score: 1.00 | Count: 0
- Remind me to buy milk.... | Score: 1.00 | Count: 0

--- Phase 3: Simulating Aging ---
Aged specific memories by 100 days.

--- Phase 4: Triggering Forgetting Worker ---
Loading weights:   0%|          | 0/201 [00:00<?, ?it/s]Loading weights: 100%|██████████| 201/201 [00:00<00:00, 18681.83it/s]
[1mXLMRobertaForSequenceClassification LOAD REPORT[0m from: BAAI/bge-reranker-base
Key                             | Status     |  | 
--------------------------------+------------+--+-
roberta.embeddings.position_ids | UNEXPECTED |  | 

[3mNotes:
- UNEXPECTED[3m	:can be ignored when loading from different task/architecture; not ok if you expect identical arch.[0m
Running worker.run_cleanup()...
[Forgetting] Evaluating: IMPORTANT: I am lear... | Imp: 9.0 | Val: 1.17 | Age: 0.0d | Action: protect
[Forgetting] Evaluating: The sky is blue toda... | Imp: 5.0 | Val: 0.50 | Age: 100.0d | Action: archive
[Forgetting] Archiving memory: 2
[Forgetting] Evaluating: Remind me to buy mil... | Imp: 5.0 | Val: 0.50 | Age: 100.0d | Action: archive
[Forgetting] Archiving memory: 3
Cleanup done.

--- Phase 5: Final Verification ---
Remaining Memories in Primary Store:
- IMPORTANT: I am learning about quantum physics.

Archived Memories:
- The sky is blue today.
- Remind me to buy milk.
